PROFILE,0.027,89.616,0.035,0.377
PROFILE,0.125,46.257,0.018,0.036
PROFILE,0.046,42.520,0.013,0.037
PROFILE,0.021,41.308,0.012,0.034
PROFILE,0.022,41.295,0.012,0.010
PROFILE,0.026,41.380,0.012,0.138
PROFILE,0.020,41.538,0.011,0.133
PROFILE,0.022,46.864,0.012,0.010
PROFILE,0.020,41.254,0.012,0.010
PROFILE,0.024,42.247,0.012,0.032
PROFILE,0.025,40.864,0.012,0.031
PROFILE,0.028,46.077,0.013,0.106
PROFILE,0.021,40.796,0.012,0.069
PROFILE,0.024,43.051,0.012,0.105
PROFILE,0.022,40.248,0.014,0.069
PROFILE,0.018,45.096,0.011,0.195
PROFILE,0.016,44.229,0.012,0.081
PROFILE,0.016,40.932,0.012,0.049
PROFILE,0.015,40.934,0.011,0.135
PROFILE,0.016,40.421,0.011,0.025
PROFILE,0.018,34.029,0.012,0.024
PROFILE,0.023,34.221,0.010,0.228
PROFILE,0.029,90.362,0.012,0.238
PROFILE,0.024,33.233,0.013,0.324
Waypoint: region activation, route, places, permissions, theme, rotation and capture passed
