PROFILE,0.028,114.390,7.208,0.379
PROFILE,0.126,103.664,5.731,0.573
PROFILE,0.023,89.503,5.949,0.447
PROFILE,0.024,88.862,5.746,0.444
PROFILE,0.023,86.100,5.034,0.011
PROFILE,0.025,86.511,5.423,0.418
PROFILE,0.025,88.475,5.746,0.426
PROFILE,0.022,101.551,5.012,0.012
PROFILE,0.021,86.507,5.438,0.013
PROFILE,0.025,79.020,5.599,0.441
PROFILE,0.025,84.218,4.980,0.459
PROFILE,0.029,90.384,5.445,0.452
PROFILE,0.020,84.110,5.476,0.451
PROFILE,0.026,87.623,5.115,0.453
PROFILE,0.024,84.698,5.496,0.457
PROFILE,0.020,88.991,5.602,0.352
PROFILE,0.017,89.903,5.081,0.343
PROFILE,0.017,87.003,5.428,0.317
PROFILE,0.020,84.701,5.503,0.290
PROFILE,0.019,84.208,5.028,0.276
PROFILE,0.020,75.807,5.443,0.272
PROFILE,0.026,75.139,5.548,0.375
PROFILE,0.028,134.534,4.795,0.232
PROFILE,0.023,74.333,5.517,0.318
Waypoint: region activation, route, places, permissions, theme, rotation and capture passed
