PROFILE,0.030,373.332,28.804,0.383
PROFILE,0.124,366.203,22.895,0.471
PROFILE,0.024,341.032,22.473,0.444
PROFILE,0.024,337.307,24.012,0.455
PROFILE,0.025,338.839,20.179,0.015
PROFILE,0.025,347.851,23.085,0.449
PROFILE,0.025,340.977,22.514,0.453
PROFILE,0.023,385.927,19.912,0.012
PROFILE,0.024,340.132,21.410,0.012
PROFILE,0.025,317.838,22.467,0.467
PROFILE,0.024,330.856,20.347,0.456
PROFILE,0.024,350.624,21.027,0.477
PROFILE,0.024,331.576,21.856,0.481
PROFILE,0.025,345.100,19.784,0.479
PROFILE,0.024,331.848,21.320,0.475
PROFILE,0.017,342.178,21.880,0.389
PROFILE,0.018,347.184,20.148,0.347
PROFILE,0.017,343.822,22.715,0.324
PROFILE,0.016,333.185,22.329,0.291
PROFILE,0.019,331.807,19.842,0.289
PROFILE,0.017,299.980,20.668,0.277
PROFILE,0.023,293.357,21.707,0.399
PROFILE,0.030,542.741,18.805,0.243
PROFILE,0.025,292.341,22.082,0.343
Waypoint: region activation, route, places, permissions, theme, rotation and capture passed
