PROFILE,0.029,277.529,0.037,0.386
PROFILE,0.164,180.896,0.018,0.038
PROFILE,0.023,163.761,0.012,0.034
PROFILE,0.024,159.865,0.013,0.033
PROFILE,0.023,160.673,0.010,0.009
PROFILE,0.025,160.440,0.011,0.144
PROFILE,0.025,158.792,0.012,0.141
PROFILE,0.025,168.979,0.013,0.010
PROFILE,0.023,160.981,0.013,0.011
PROFILE,0.025,165.192,0.011,0.032
PROFILE,0.026,232.911,0.011,0.032
PROFILE,0.028,171.486,0.013,0.110
PROFILE,0.023,233.657,0.013,0.071
PROFILE,0.025,169.424,0.012,0.108
PROFILE,0.025,233.578,0.011,0.068
PROFILE,0.020,170.247,0.011,0.231
PROFILE,0.018,169.356,0.012,0.085
PROFILE,0.019,243.438,0.012,0.053
PROFILE,0.018,159.269,0.012,0.140
PROFILE,0.018,235.299,0.012,0.027
PROFILE,0.017,130.187,0.012,0.027
PROFILE,0.025,135.876,0.013,0.244
PROFILE,0.031,367.397,0.013,0.249
PROFILE,0.026,196.230,0.012,0.331
Waypoint: region activation, route, places, permissions, theme, rotation and capture passed
